// Jest Snapshot v1, https://goo.gl/fbAQLP

exports[`HdLoaderButton renders 1`] = `
<div class="loaderButton loaderButton--idle" style="height: 46px;"><button class="btn btn--primary loaderButton__button" style="height: 46px;"><span class="loaderButton__button__label">HdLoaderButton</span></button> <svg width="46px" height="46px" class="loaderButton__svg loaderButton__svg--progressCircle" style="display: none;">
    <path d="M 23 23 m -21, 0 a 21,21 0 1,0 42,0 a 21,21 0 1,0 -42,0" style="stroke-width: 4px; stroke-dasharray: 42; stroke-dashoffset: 42;"></path>
  </svg> <svg width="46px" height="46px" class="loaderButton__svg loaderButton__svg--checkmark">
    <g stroke="#2988FF" style="transform: scale(1); transform-origin: center;">
      <path d="m11.066433,23.18223l8.364397,7.766946" style="stroke-dasharray: 42; stroke-dashoffset: 42;"></path>
      <path d="m34.933565,15.050822l-15.180095,15.533867" style="stroke-dasharray: 42; stroke-dashoffset: 42;"></path>
    </g>
  </svg> <svg width="46px" height="46px" class="loaderButton__svg loaderButton__svg--cross">
    <g stroke="#2988FF" style="transform: scale(1); transform-origin: center;">
      <path d="m23,23l-10.3,-10.3" style="stroke-dasharray: 42; stroke-dashoffset: 42;"></path>
      <path d="m23,23l10.3,10.3" style="stroke-dasharray: 42; stroke-dashoffset: 42;"></path>
      <path d="m23,23l-10.3,10.3" style="stroke-dasharray: 42; stroke-dashoffset: 42;"></path>
      <path d="m23,23l10.3,-10.3" style="stroke-dasharray: 42; stroke-dashoffset: 42;"></path>
    </g>
  </svg></div>
`;
