// Jest Snapshot v1, https://goo.gl/fbAQLP

exports[`HdAlert renders component 1`] = `
<div class="alert alert--info">
  <hdicon-stub src="" class="alert__icon"></hdicon-stub>
  <div class="alert__message"><b>Default slot</b></div>
</div>
`;
