// Jest Snapshot v1, https://goo.gl/fbAQLP

exports[`HdExpandText renders the component 1`] = `
<div class="expand-text">
  <div class="expand-text__wrapper" style="max-height: 0px;">
    <p>Look, just because I don't be givin' no man a foot
      massage don't make it right for Marsellus to throw Antwone into
      a glass Muttafu' house, frickin' up the way the talks.
      Muttafu do that shirt to me, he better paralyze my lol, 'cause
      I'll kill the Muttafu, know what I'm sayin'?</p>
    <p class="expand-text__wrapper__sample">&nbsp;</p>
  </div>
  <!---->
</div>
`;
