// Jest Snapshot v1, https://goo.gl/fbAQLP

exports[`HdIcon renders as expected 1`] = `
<svg height="50" width="50" viewBox="222 126 53 53" version="1.1" xmlns:xlink="http://www.w3.org/1999/xlink" xmlns="http://www.w3.org/2000/svg">
  <path class="color1" d="M272.48 137.62L258.61 150.5L244.75 141.58L254.65 126.73L272.48 137.62Z" fill="#1895FF"></path>
  <path class="color2" d="M242.22 176.24L222.97 160.68L230.47 145.1L243.56 155.68L242.22 176.24Z" fill="#1C3553"></path>
</svg>
`;
