// Jest Snapshot v1, https://goo.gl/fbAQLP

exports[`HdResponsive provides "indeterminate" flag as part of a scoped slot 1`] = `<div>true</div>`;

exports[`HdResponsive provides "matches" object as part of a scoped slot 1`] = `
<div>[
  "s",
  "m",
  "l",
  "xl"
  ]</div>
`;

exports[`HdResponsive renders no markup 1`] = `""`;
