// Jest Snapshot v1, https://goo.gl/fbAQLP

exports[`HdNotification renders the component 1`] = `
<div class="notification notification--notification">
  <hdicon-stub src="bell.svg" class="notification__icon"></hdicon-stub>
  <div class="notification__content">

  </div>
</div>
`;
