// Jest Snapshot v1, https://goo.gl/fbAQLP

exports[`HdCheckboxCard renders correctly 1`] = `
<label for="property-house" tabindex="0"><input type="checkbox" id="property-house" name="property" true-value="true" value="house">
  <div class="card">
    <div class="card__border"></div>
    <div class="checkbox-indicator card__indicator">
      <div class="checkbox-indicator__box">
        <!---->
      </div>
    </div>
    <div class="card__icon">
      <hdicon-stub src="house-icon"></hdicon-stub>
    </div> <span class="card__control-label">House</span>
  </div>
  <!---->
</label>
`;
