// Jest Snapshot v1, https://goo.gl/fbAQLP

exports[`HdGoogleAutocomplete The component is rendered 1`] = `
<div class="field text-field field--unlabelled">
  <!---->
  <div class="field__body">
    <div class="field__main"><input id="Test autocomplete" name="Test autocomplete" placeholder="" autocomplete="off" type="text" class="field__input">
      <!---->
      <div class="field__input-right"></div>
      <div class="field__border"></div>
    </div>
    <p class="field__helper">‚Äç</p>
  </div>
</div>
`;
