// Jest Snapshot v1, https://goo.gl/fbAQLP

exports[`HdPasswordConfirm is rendered as expected 1`] = `
<div class="confirmPassword">
  <div class="password-input confirm-password__input">
    <div class="field field--input field--filled field--hasControl">
      <!----> <input autocomplete="on" type="password" id="passwordMain" name="passwordMain" placeholder="" required="required" data-lpignore="true" class="field__input"> <label for="passwordMain" class="field__label">
        Ihr Passwort
      </label>
      <!----> <span class="field__border"></span></div> <span class="field__visibilityToggle"><!----></span>
  </div>
  <div class="confirmPassword__strengthMeter">
    <div class="confirmPassword__strengthMeter__text"></div>
    <div class="confirmPassword__strengthMeter__gauge">
      <div class="confirmPassword__strengthMeter__gauge__bar"></div>
    </div>
  </div>
  <div class="password-input confirmPassword__input">
    <div class="field field--input">
      <!----> <input autocomplete="on" type="password" id="passwordConfirm" name="passwordConfirm" placeholder="" required="required" data-lpignore="true" class="field__input"> <label for="passwordConfirm" class="field__label">
        Best√§tigen Sie Ihr Passwort
      </label>
      <!----> <span class="field__border"></span></div>
    <!---->
  </div>
</div>
`;
