// Jest Snapshot v1, https://goo.gl/fbAQLP

exports[`HdSelect is rendered as expected 1`] = `
<div class="field field--minimized-label" label="test select label">
  <!---->
  <div class="field__body">
    <div class="field__main"><select id="testSelect" name="testSelect" class="select">
        <option value="jon">
          Jon "Snow"
        </option>
        <option value="daenerys">
          Daenerys
        </option>
        <option value="nightKing">
          The Night King
        </option>
        <option value="arya">
          Arya
        </option>
        <option value="cersei">
          Cersei
        </option>
      </select> <label for="testSelect" class="field__label">
        test select label
      </label>
      <div class="field__input-right">
        <!---->
      </div>
      <div class="field__border"></div>
    </div>
    <p class="field__helper">‚Äç</p>
  </div>
</div>
`;
