// Jest Snapshot v1, https://goo.gl/fbAQLP

exports[`HdTagsSelector The component is rendered 1`] = `
<section class="tags-selector">
  <section class="tags-selector__selected-tags">
    <div class="tags-selector__selected-tags__tag">
      <div class="tags-selector__selected-tags__tag__label">Jon "Snow"</div> <button class="tags-selector__selected-tags__tag__remove">
        <!----></button>
    </div>
    <div class="tags-selector__selected-tags__tag">
      <div class="tags-selector__selected-tags__tag__label">Daenerys</div> <button class="tags-selector__selected-tags__tag__remove">
        <!----></button>
    </div> <button class="tags-selector__selected-tags__panel-toggle">
      <!----></button>
  </section>
  <section class="tags-selector__panel">
    <div class="tags-selector__panel__tag tags-selector__panel__tag--isSelected">
      Jon "Snow"
    </div>
    <div class="tags-selector__panel__tag tags-selector__panel__tag--isSelected">
      Daenerys
    </div>
    <div class="tags-selector__panel__tag">
      The Night King
    </div>
    <div class="tags-selector__panel__tag">
      Arya
    </div>
    <div class="tags-selector__panel__tag">
      Cersei
    </div>
  </section>
</section>
`;
