// Jest Snapshot v1, https://goo.gl/fbAQLP

exports[`HdGallery renders component 1`] = `
<div class="gallery">
  <figure class="gallery__figure">
    <figcaption class="gallery__caption">Image 1</figcaption>
    <div class="gallery__main">
      <div class="gallery-media">
        <div class="gallery-media__object">
          <div class="gallery-media__object__sizer" style="padding-top: 56.25%;"></div>
          <picture class="gallery-media__object__picture">
            <source media="(max-width: 600px)" srcset="https://dummyimage.com/306x172?text=1+mw+600px">
            <source media="(max-width: 900px)" srcset="https://dummyimage.com/768x432?text=1+mw+900px">
            <source media="(max-width: 1200px)" srcset="https://dummyimage.com/768x432?text=1+mw+1200px"> <img src="https://dummyimage.com/1536x364?text=1" alt="Image 1"></picture>
          <div class="gallery-media__object__thumbnail isVisible" style="background-image: url(https://dummyimage.com/154x86?text=1+thumb);"></div>
        </div>
      </div>
      <div class="gallery__controls"><button type="button" class="gallery__controls__prev isDisabled">
          <!----></button> <button type="button" class="gallery__controls__next">
          <!----></button></div>
      <p class="gallery__info">1/10</p>
    </div>
  </figure>
  <div class="gallery__carousel gallery-carousel">
    <div tabindex="0" class="gallery-carousel__wrap">
      <div class="flickity-enabled">
        <div class="flickity-viewport" style="height: 0px;">
          <div class="flickity-slider" style="left: 0px; transform: translateX(NaN%);">
            <div class="gallery-carousel__item is-selected" style="position: absolute;">
              <div class="gallery-carousel__item__sizer" style="padding-top: 56.25%;"></div>
              <picture class="gallery-carousel__item__picture">
                <source media="(max-width: 900px)" srcset="https://dummyimage.com/768x432?text=1+thumb+mw+900px"> <img src="https://dummyimage.com/154x86?text=1+thumb" alt="Image 1"></picture>
            </div>
            <div class="gallery-carousel__item is-selected" style="position: absolute;">
              <div class="gallery-carousel__item__sizer" style="padding-top: 56.25%;"></div>
              <picture class="gallery-carousel__item__picture"> <img src="https://dummyimage.com/154x86?text=2+thumb" alt="Image 2" srcset="https://dummyimage.com/308x172?text=2+thumb+DPR2x 2x, https://dummyimage.com/462x258?text=2+thumb+DPR3x 3x"></picture>
            </div>
            <div class="gallery-carousel__item is-selected" style="position: absolute;">
              <div class="gallery-carousel__item__sizer" style="padding-top: 56.25%;"></div>
              <picture class="gallery-carousel__item__picture"> <img src="https://dummyimage.com/154x86?text=3+thumb" alt="Image 3"></picture>
            </div>
            <div class="gallery-carousel__item is-selected" style="position: absolute;">
              <div class="gallery-carousel__item__sizer" style="padding-top: 56.25%;"></div>
              <picture class="gallery-carousel__item__picture"> <img src="https://dummyimage.com/154x86?text=4+thumb" alt="Image 4"></picture>
            </div>
            <div class="gallery-carousel__item is-selected" style="position: absolute;">
              <div class="gallery-carousel__item__sizer" style="padding-top: 56.25%;"></div>
              <picture class="gallery-carousel__item__picture"> <img src="https://dummyimage.com/154x86?text=5+thumb" alt="Image 5"></picture>
            </div>
            <div class="gallery-carousel__item is-selected" style="position: absolute;">
              <div class="gallery-carousel__item__sizer" style="padding-top: 56.25%;"></div>
              <picture class="gallery-carousel__item__picture"> <img src="https://dummyimage.com/154x86?text=6+thumb" alt="Image 6"></picture>
            </div>
            <div class="gallery-carousel__item is-selected" style="position: absolute;">
              <div class="gallery-carousel__item__sizer" style="padding-top: 56.25%;"></div>
              <picture class="gallery-carousel__item__picture"> <img src="https://dummyimage.com/154x86?text=7+thumb" alt="Image 7"></picture>
            </div>
            <div class="gallery-carousel__item is-selected" style="position: absolute;">
              <div class="gallery-carousel__item__sizer" style="padding-top: 56.25%;"></div>
              <picture class="gallery-carousel__item__picture"> <img src="https://dummyimage.com/154x86?text=8+thumb" alt="Image 8"></picture>
            </div>
            <div class="gallery-carousel__item is-selected" style="position: absolute;">
              <div class="gallery-carousel__item__sizer" style="padding-top: 56.25%;"></div>
              <picture class="gallery-carousel__item__picture"> <img src="https://dummyimage.com/154x86?text=9+thumb" alt="Image 9"></picture>
            </div>
            <div class="gallery-carousel__item is-selected" style="position: absolute;">
              <div class="gallery-carousel__item__sizer" style="padding-top: 56.25%;"></div>
              <picture class="gallery-carousel__item__picture"> <img src="https://dummyimage.com/154x86?text=10+thumb" alt="Image 10"></picture>
            </div>
          </div>
        </div>
      </div>
      <div class="gallery-carousel__pager">
        <!---->
      </div>
    </div>
  </div>
</div>
`;
